=== DVS NGO API PRE-FLIGHT TEST SUITE ===

[TEST] HP-1: Valid POST request
Description: Send valid data to ensure 201 Created.
Γ£à PASSED (Status: 201)

[TEST] HP-2: Missing required fields
Description: Send request missing required fields (subject, message).
Γ£à PASSED (Status: 400)

[TEST] HP-3: Invalid data types
Description: Send incorrect data types (numbers/objects for text).
Γ£à PASSED (Status: 201)

[TEST] HP-4: Excess data
Description: Send unnecessary fields to ensure they are ignored.
Γ¥î FAILED (Status: 400, Expected: 201)
Response: {
  "code": "PGRST204",
  "details": null,
  "hint": null,
  "message": "Could not find the 'unknown_column' column of 'contact_submissions' in the schema cache"
}

[TEST] HP-5: Data variations
Description: Test minimal valid data variation (no email, no mobile).
Γ£à PASSED (Status: 201)

[TEST] EC-1: Empty body
Description: Send an empty JSON body.
Γ£à PASSED (Status: 400)

[TEST] EC-2: Special characters
Description: Verify handling of emojis and special symbols.
Γ£à PASSED (Status: 201)

[TEST] EC-3: Extreme value lengths
Description: Test excessively long strings.
Γ£à PASSED (Status: 201)

[TEST] EC-4: Duplicate data entry
Description: Submit identical data twice.
Γ£à PASSED (Status: 201)

[TEST] EC-5: Non-UTF8 encoded data
Description: Send malformed surrogate pair.
Γ£à PASSED (Status: 400)

=== TEST SUITE SUMMARY ===
Total Passed: 9/10
ΓÜá∩╕Å SOME TESTS FAILED OR BEHAVED UNEXPECTEDLY
